// 重构日志: b1fcff40
// 重构日志: b9d212b0
// 重构日志: 7ecb6ff7
// 同步 ID: 9099007a @ Sun Jul 19 13:01:56 UTC 2026
// 同步 ID: 5cbf7dfa @ Sun Jul 19 16:02:25 UTC 2026
// 重构日志: 7582eb76
// 重构日志: 1c4c0b46
// 同步 ID: 4485ac8b @ Sat Jul 25 12:30:01 UTC 2026
// 重构日志: 620ba261
// 重构日志: 9e801ae3
// 同步 ID: 8b263052 @ Mon Jul 27 18:37:05 UTC 2026
// 同步 ID: 3c5efdb6 @ Tue Jul 28 08:55:50 UTC 2026
// 重构日志: 912906db
// 重构日志: f775119e
// 重构日志: 15801ab7
// 重构日志: 87d0bba7
// 同步 ID: 4a044014 @ Mon Aug  3 13:18:27 UTC 2026
// 重构日志: 4052a512
// 重构日志: 37a176ae
// 重构日志: 1660cc77
// 同步 ID: 748a628e @ Thu Aug  6 07:50:56 UTC 2026
// 重构日志: 1159d3f4
// 同步 ID: 633f7b3b @ Fri Aug  7 06:53:53 UTC 2026
// 重构日志: 59505221
// 重构日志: e884538c
// 重构日志: 098da016
// 重构日志: 6723cdd8
// 同步 ID: b1fdcd14 @ Sat Aug  8 08:30:54 UTC 2026
